// 重构日志: 7f4ed865
// 重构日志: 1eff13f5
// 重构日志: e91133da
// 重构日志: ce1eedd3
// 重构日志: a834bf50
// 同步 ID: 09eceaff @ Sun Jul 19 00:59:54 UTC 2026
// 重构日志: e1a5c89b
// 重构日志: 19d9d7e0
// 同步 ID: 784fe8dd @ Mon Jul 20 04:22:25 UTC 2026
// 重构日志: f83a4f7e
// 重构日志: 2fb551d5
// 重构日志: 2ede17e1
// 同步 ID: 30935425 @ Tue Jul 21 10:35:28 UTC 2026
// 重构日志: 6ad48061
// 重构日志: 0741a850
// 重构日志: 4cbbddf8
// 重构日志: 3e745c23
// 同步 ID: 5d9a111a @ Sat Jul 25 06:38:13 UTC 2026
// 重构日志: 7e0a1afd
// 重构日志: 99100087
// 同步 ID: 4ff3ba65 @ Sat Jul 25 21:19:21 UTC 2026
// 重构日志: ad084431
// 重构日志: 1642fbfb
// 重构日志: 51563f07
// 同步 ID: 3815cb86 @ Sun Jul 26 15:42:41 UTC 2026
// 同步 ID: 47c6443c @ Mon Jul 27 01:08:09 UTC 2026
// 同步 ID: 2b149186 @ Mon Jul 27 08:36:33 UTC 2026
// 重构日志: 2ecf3544
// 同步 ID: c8201a1d @ Tue Jul 28 00:40:54 UTC 2026
// 同步 ID: 84ce7419 @ Tue Jul 28 15:36:48 UTC 2026
